// Jest Snapshot v1, https://goo.gl/fbAQLP

exports[`Card renders with correct width and height 1`] = `
<div>
  <div
    data-testid="card"
    style="background-color: rgb(255, 255, 255); box-shadow: 0px 2px 4px #A6AAAF; width: 200px; height: 300px; border-radius: 8px;"
  />
</div>
`;
