// Jest Snapshot v1, https://goo.gl/fbAQLP

exports[`should render Paragraph 1`] = `
<div>
  <p
    style="color: rgb(0, 0, 0); font-family: 'Archivo'; font-size: 16px;"
  >
    Paragraph
  </p>
</div>
`;
