// Jest Snapshot v1, https://goo.gl/fbAQLP

exports[`should render heading 1`] = `
<div>
  <h2
    style="color: rgb(0, 0, 0); font-family: 'Archivo';"
  >
    Heading
  </h2>
</div>
`;
