// Jest Snapshot v1, https://goo.gl/fbAQLP

exports[`Shape applies the correct style to the shape 1`] = `
<div>
  <div
    data-testid="shape"
    style="background-color: rgb(255, 255, 255); box-shadow: 0px 2px 4px #A6AAAF; width: 200px; height: 200px; border-radius: 8px;"
  >
    Content
  </div>
</div>
`;
